current directory: C:/Users/DELL/Desktop/compiler1/xinyueliii.github.io/vendor/bundle/ruby/3.3.0/gems/json-2.11.3/ext/json/ext/parser
C:/Ruby33-x64/bin/ruby.exe extconf.rb
checking for rb_enc_interned_str() in ruby.h... yes
checking for rb_hash_new_capa() in ruby.h... yes
checking for rb_hash_bulk_insert() in ruby.h... yes
checking for strnlen() in string.h... yes
checking for whether -std=c99 is accepted as CFLAGS... yes
creating Makefile

current directory: C:/Users/DELL/Desktop/compiler1/xinyueliii.github.io/vendor/bundle/ruby/3.3.0/gems/json-2.11.3/ext/json/ext/parser
make DESTDIR\= sitearchdir\=./.gem.20250501-23148-8qsecj sitelibdir\=./.gem.20250501-23148-8qsecj clean

current directory: C:/Users/DELL/Desktop/compiler1/xinyueliii.github.io/vendor/bundle/ruby/3.3.0/gems/json-2.11.3/ext/json/ext/parser
make DESTDIR\= sitearchdir\=./.gem.20250501-23148-8qsecj sitelibdir\=./.gem.20250501-23148-8qsecj
generating parser-x64-mingw-ucrt.def
compiling parser.c
linking shared-object json/ext/parser.so

current directory: C:/Users/DELL/Desktop/compiler1/xinyueliii.github.io/vendor/bundle/ruby/3.3.0/gems/json-2.11.3/ext/json/ext/parser
make DESTDIR\= sitearchdir\=./.gem.20250501-23148-8qsecj sitelibdir\=./.gem.20250501-23148-8qsecj install
/usr/bin/install -c -m 0755 parser.so ./.gem.20250501-23148-8qsecj/json/ext

current directory: C:/Users/DELL/Desktop/compiler1/xinyueliii.github.io/vendor/bundle/ruby/3.3.0/gems/json-2.11.3/ext/json/ext/parser
make DESTDIR\= sitearchdir\=./.gem.20250501-23148-8qsecj sitelibdir\=./.gem.20250501-23148-8qsecj clean
