have_func: checking for rb_enc_interned_str() in ruby.h... -------------------- yes

PATH=".;C:/Ruby33-x64/lib;C:\Ruby33-x64\bin;C:\Ruby33-x64\msys64\ucrt64\bin;C:\Ruby33-x64\msys64\usr\bin;C:\Users\DELL\.conda\envs\pytorch2;C:\Users\DELL\.conda\envs\pytorch2\Library\mingw-w64\bin;C:\Users\DELL\.conda\envs\pytorch2\Library\usr\bin;C:\Users\DELL\.conda\envs\pytorch2\Library\bin;C:\Users\DELL\.conda\envs\pytorch2\Scripts;C:\Users\DELL\.conda\envs\pytorch2\bin;F:\Anaconda3\condabin;C:\Program Files\Common Files\Oracle\Java\javapath;C:\Program Files (x86)\Common Files\Oracle\Java\java8path;C:\Program Files (x86)\Common Files\Oracle\Java\javapath;F:\anaconda;C:\Windows;C:\Windows\System32\Wbem;C:\Windows\System32\WindowsPowerShell\v1.0;C:\Windows\System32\OpenSSH;C:\Program Files\dotnet;C:\Program Files\Bandizip;C:\Program Files (x86)\NVIDIA Corporation\PhysX\Common;F:\Anaconda3;F:\Anaconda3\Scripts;F:\Anaconda3\Library\bin;F:\Git\cmd;C:\Windows\System32;F:\XSHELL7;C:\Program Files (x86)\Windows Kits\10\Windows Performance Toolkit;C:\Program Files\nodejs;C:\Users\DELL\AppData\Local\npm-cache;C:\Users\DELL\AppData\Roaming\npm;F:\neo4j\neo4j-community-5.20.0-windows\neo4j-community-5.20.0\bin;C:\Program Files\Java\jdk-17\bin;C:\Program Files\MATLAB\R2024a\runtime\win64;C:\Program Files\MATLAB\R2024a\bin;C:\Program Files\Docker\Docker\resources\bin;D:\MinGW\bin;C:\Users\DELL\AppData\Local\Microsoft\WindowsApps;F:\Microsoft VS Code\bin;F:\Pycharm\PyCharm Community Edition 2023.3.3\bin;.;C:\modeltech_pe_10.4c\win32pe;C:\Users\DELL\AppData\Roaming\npm;D:\MySQL\MySQL Server 8.0\bin;F:\WebStorm\WebStorm 2024.2.1\bin;.;C:\Users\DELL\AppData\Local\GitHubDesktop\bin;f:\Trae\resources\app\bin\lib;C:\Program Files\Common Files\Oracle\Java\javapath;C:\Program Files (x86)\Common Files\Oracle\Java\java8path;C:\Program Files (x86)\Common Files\Oracle\Java\javapath;F:\anaconda;C:\Windows;C:\Windows\System32\Wbem;C:\Windows\System32\WindowsPowerShell\v1.0\;C:\Windows\System32\OpenSSH\;C:\Program Files\dotnet\;C:\Program Files\Bandizip\;C:\Program Files (x86)\NVIDIA Corporation\PhysX\Common;F:\Anaconda3;F:\Anaconda3\Scripts;F:\Anaconda3\Library\bin;F:\Git\cmd;C:\Windows\System32;F:\XSHELL7\;C:\Program Files (x86)\Windows Kits\10\Windows Performance Toolkit\;C:\Program Files\nodejs\;C:\Users\DELL\AppData\Local\npm-cache;C:\Users\DELL\AppData\Roaming\npm;F:\neo4j\neo4j-community-5.20.0-windows\neo4j-community-5.20.0\bin;C:\Program Files\Java\jdk-17\bin;C:\Program Files\MATLAB\R2024a\runtime\win64;C:\Program Files\MATLAB\R2024a\bin;C:\Program Files\Docker\Docker\resources\bin;D:\MinGW\bin;C:\Ruby33-x64\bin;C:\Users\DELL\AppData\Local\Microsoft\WindowsApps;F:\Microsoft VS Code\bin;F:\Pycharm\PyCharm Community Edition 2023.3.3\bin;;C:\modeltech_pe_10.4c\win32pe;C:\Users\DELL\AppData\Roaming\npm;D:\MySQL\MySQL Server 8.0\bin;F:\WebStorm\WebStorm 2024.2.1\bin;;C:\Users\DELL\AppData\Local\GitHubDesktop\bin" "gcc -o conftest.exe -IC:/Ruby33-x64/include/ruby-3.3.0/x64-mingw-ucrt -IC:/Ruby33-x64/include/ruby-3.3.0/ruby/backward -IC:/Ruby33-x64/include/ruby-3.3.0 -I.  -DFD_SETSIZE=2048 -D_WIN32_WINNT=0x0600 -D__MINGW_USE_VC2005_COMPAT -D_FILE_OFFSET_BITS=64  -O3 -fno-fast-math -fstack-protector-strong conftest.c  -L. -LC:/Ruby33-x64/lib -L. -pipe -s -fstack-protector-strong -Wl,--no-as-needed     -lx64-ucrt-ruby330  -lshell32 -lws2_32 -liphlpapi -limagehlp -lshlwapi -lbcrypt  "
checked program was:
/* begin */
1: #include "ruby.h"
2: 
3: #include <winsock2.h>
4: #include <windows.h>
5: int main(int argc, char **argv)
6: {
7:   return !!argv[argc];
8: }
/* end */

PATH=".;C:/Ruby33-x64/lib;C:\Ruby33-x64\bin;C:\Ruby33-x64\msys64\ucrt64\bin;C:\Ruby33-x64\msys64\usr\bin;C:\Users\DELL\.conda\envs\pytorch2;C:\Users\DELL\.conda\envs\pytorch2\Library\mingw-w64\bin;C:\Users\DELL\.conda\envs\pytorch2\Library\usr\bin;C:\Users\DELL\.conda\envs\pytorch2\Library\bin;C:\Users\DELL\.conda\envs\pytorch2\Scripts;C:\Users\DELL\.conda\envs\pytorch2\bin;F:\Anaconda3\condabin;C:\Program Files\Common Files\Oracle\Java\javapath;C:\Program Files (x86)\Common Files\Oracle\Java\java8path;C:\Program Files (x86)\Common Files\Oracle\Java\javapath;F:\anaconda;C:\Windows;C:\Windows\System32\Wbem;C:\Windows\System32\WindowsPowerShell\v1.0;C:\Windows\System32\OpenSSH;C:\Program Files\dotnet;C:\Program Files\Bandizip;C:\Program Files (x86)\NVIDIA Corporation\PhysX\Common;F:\Anaconda3;F:\Anaconda3\Scripts;F:\Anaconda3\Library\bin;F:\Git\cmd;C:\Windows\System32;F:\XSHELL7;C:\Program Files (x86)\Windows Kits\10\Windows Performance Toolkit;C:\Program Files\nodejs;C:\Users\DELL\AppData\Local\npm-cache;C:\Users\DELL\AppData\Roaming\npm;F:\neo4j\neo4j-community-5.20.0-windows\neo4j-community-5.20.0\bin;C:\Program Files\Java\jdk-17\bin;C:\Program Files\MATLAB\R2024a\runtime\win64;C:\Program Files\MATLAB\R2024a\bin;C:\Program Files\Docker\Docker\resources\bin;D:\MinGW\bin;C:\Users\DELL\AppData\Local\Microsoft\WindowsApps;F:\Microsoft VS Code\bin;F:\Pycharm\PyCharm Community Edition 2023.3.3\bin;.;C:\modeltech_pe_10.4c\win32pe;C:\Users\DELL\AppData\Roaming\npm;D:\MySQL\MySQL Server 8.0\bin;F:\WebStorm\WebStorm 2024.2.1\bin;.;C:\Users\DELL\AppData\Local\GitHubDesktop\bin;f:\Trae\resources\app\bin\lib;C:\Program Files\Common Files\Oracle\Java\javapath;C:\Program Files (x86)\Common Files\Oracle\Java\java8path;C:\Program Files (x86)\Common Files\Oracle\Java\javapath;F:\anaconda;C:\Windows;C:\Windows\System32\Wbem;C:\Windows\System32\WindowsPowerShell\v1.0\;C:\Windows\System32\OpenSSH\;C:\Program Files\dotnet\;C:\Program Files\Bandizip\;C:\Program Files (x86)\NVIDIA Corporation\PhysX\Common;F:\Anaconda3;F:\Anaconda3\Scripts;F:\Anaconda3\Library\bin;F:\Git\cmd;C:\Windows\System32;F:\XSHELL7\;C:\Program Files (x86)\Windows Kits\10\Windows Performance Toolkit\;C:\Program Files\nodejs\;C:\Users\DELL\AppData\Local\npm-cache;C:\Users\DELL\AppData\Roaming\npm;F:\neo4j\neo4j-community-5.20.0-windows\neo4j-community-5.20.0\bin;C:\Program Files\Java\jdk-17\bin;C:\Program Files\MATLAB\R2024a\runtime\win64;C:\Program Files\MATLAB\R2024a\bin;C:\Program Files\Docker\Docker\resources\bin;D:\MinGW\bin;C:\Ruby33-x64\bin;C:\Users\DELL\AppData\Local\Microsoft\WindowsApps;F:\Microsoft VS Code\bin;F:\Pycharm\PyCharm Community Edition 2023.3.3\bin;;C:\modeltech_pe_10.4c\win32pe;C:\Users\DELL\AppData\Roaming\npm;D:\MySQL\MySQL Server 8.0\bin;F:\WebStorm\WebStorm 2024.2.1\bin;;C:\Users\DELL\AppData\Local\GitHubDesktop\bin" "gcc -o conftest.exe -IC:/Ruby33-x64/include/ruby-3.3.0/x64-mingw-ucrt -IC:/Ruby33-x64/include/ruby-3.3.0/ruby/backward -IC:/Ruby33-x64/include/ruby-3.3.0 -I.  -DFD_SETSIZE=2048 -D_WIN32_WINNT=0x0600 -D__MINGW_USE_VC2005_COMPAT -D_FILE_OFFSET_BITS=64  -O3 -fno-fast-math -fstack-protector-strong conftest.c  -L. -LC:/Ruby33-x64/lib -L. -pipe -s -fstack-protector-strong -Wl,--no-as-needed     -lx64-ucrt-ruby330  -lshell32 -lws2_32 -liphlpapi -limagehlp -lshlwapi -lbcrypt  "
conftest.c: In function 't':
conftest.c:18:57: error: 'rb_enc_interned_str' undeclared (first use in this function); did you mean 'rb_interned_str'?
   18 | int t(void) { void ((*volatile p)()); p = (void ((*)()))rb_enc_interned_str; return !p; }
      |                                                         ^~~~~~~~~~~~~~~~~~~
      |                                                         rb_interned_str
conftest.c:18:57: note: each undeclared identifier is reported only once for each function it appears in
checked program was:
/* begin */
 1: #include "ruby.h"
 2: 
 3: #include <winsock2.h>
 4: #include <windows.h>
 5: #include <ruby.h>
 6: 
 7: /*top*/
 8: extern int t(void);
 9: int main(int argc, char **argv)
10: {
11:   if (argc > 1000000) {
12:     int (* volatile tp)(void)=(int (*)(void))&t;
13:     printf("%d", (*tp)());
14:   }
15: 
16:   return !!argv[argc];
17: }
18: int t(void) { void ((*volatile p)()); p = (void ((*)()))rb_enc_interned_str; return !p; }
/* end */

PATH=".;C:/Ruby33-x64/lib;C:\Ruby33-x64\bin;C:\Ruby33-x64\msys64\ucrt64\bin;C:\Ruby33-x64\msys64\usr\bin;C:\Users\DELL\.conda\envs\pytorch2;C:\Users\DELL\.conda\envs\pytorch2\Library\mingw-w64\bin;C:\Users\DELL\.conda\envs\pytorch2\Library\usr\bin;C:\Users\DELL\.conda\envs\pytorch2\Library\bin;C:\Users\DELL\.conda\envs\pytorch2\Scripts;C:\Users\DELL\.conda\envs\pytorch2\bin;F:\Anaconda3\condabin;C:\Program Files\Common Files\Oracle\Java\javapath;C:\Program Files (x86)\Common Files\Oracle\Java\java8path;C:\Program Files (x86)\Common Files\Oracle\Java\javapath;F:\anaconda;C:\Windows;C:\Windows\System32\Wbem;C:\Windows\System32\WindowsPowerShell\v1.0;C:\Windows\System32\OpenSSH;C:\Program Files\dotnet;C:\Program Files\Bandizip;C:\Program Files (x86)\NVIDIA Corporation\PhysX\Common;F:\Anaconda3;F:\Anaconda3\Scripts;F:\Anaconda3\Library\bin;F:\Git\cmd;C:\Windows\System32;F:\XSHELL7;C:\Program Files (x86)\Windows Kits\10\Windows Performance Toolkit;C:\Program Files\nodejs;C:\Users\DELL\AppData\Local\npm-cache;C:\Users\DELL\AppData\Roaming\npm;F:\neo4j\neo4j-community-5.20.0-windows\neo4j-community-5.20.0\bin;C:\Program Files\Java\jdk-17\bin;C:\Program Files\MATLAB\R2024a\runtime\win64;C:\Program Files\MATLAB\R2024a\bin;C:\Program Files\Docker\Docker\resources\bin;D:\MinGW\bin;C:\Users\DELL\AppData\Local\Microsoft\WindowsApps;F:\Microsoft VS Code\bin;F:\Pycharm\PyCharm Community Edition 2023.3.3\bin;.;C:\modeltech_pe_10.4c\win32pe;C:\Users\DELL\AppData\Roaming\npm;D:\MySQL\MySQL Server 8.0\bin;F:\WebStorm\WebStorm 2024.2.1\bin;.;C:\Users\DELL\AppData\Local\GitHubDesktop\bin;f:\Trae\resources\app\bin\lib;C:\Program Files\Common Files\Oracle\Java\javapath;C:\Program Files (x86)\Common Files\Oracle\Java\java8path;C:\Program Files (x86)\Common Files\Oracle\Java\javapath;F:\anaconda;C:\Windows;C:\Windows\System32\Wbem;C:\Windows\System32\WindowsPowerShell\v1.0\;C:\Windows\System32\OpenSSH\;C:\Program Files\dotnet\;C:\Program Files\Bandizip\;C:\Program Files (x86)\NVIDIA Corporation\PhysX\Common;F:\Anaconda3;F:\Anaconda3\Scripts;F:\Anaconda3\Library\bin;F:\Git\cmd;C:\Windows\System32;F:\XSHELL7\;C:\Program Files (x86)\Windows Kits\10\Windows Performance Toolkit\;C:\Program Files\nodejs\;C:\Users\DELL\AppData\Local\npm-cache;C:\Users\DELL\AppData\Roaming\npm;F:\neo4j\neo4j-community-5.20.0-windows\neo4j-community-5.20.0\bin;C:\Program Files\Java\jdk-17\bin;C:\Program Files\MATLAB\R2024a\runtime\win64;C:\Program Files\MATLAB\R2024a\bin;C:\Program Files\Docker\Docker\resources\bin;D:\MinGW\bin;C:\Ruby33-x64\bin;C:\Users\DELL\AppData\Local\Microsoft\WindowsApps;F:\Microsoft VS Code\bin;F:\Pycharm\PyCharm Community Edition 2023.3.3\bin;;C:\modeltech_pe_10.4c\win32pe;C:\Users\DELL\AppData\Roaming\npm;D:\MySQL\MySQL Server 8.0\bin;F:\WebStorm\WebStorm 2024.2.1\bin;;C:\Users\DELL\AppData\Local\GitHubDesktop\bin" "gcc -o conftest.exe -IC:/Ruby33-x64/include/ruby-3.3.0/x64-mingw-ucrt -IC:/Ruby33-x64/include/ruby-3.3.0/ruby/backward -IC:/Ruby33-x64/include/ruby-3.3.0 -I.  -DFD_SETSIZE=2048 -D_WIN32_WINNT=0x0600 -D__MINGW_USE_VC2005_COMPAT -D_FILE_OFFSET_BITS=64  -O3 -fno-fast-math -fstack-protector-strong conftest.c  -L. -LC:/Ruby33-x64/lib -L. -pipe -s -fstack-protector-strong -Wl,--no-as-needed     -lx64-ucrt-ruby330  -lshell32 -lws2_32 -liphlpapi -limagehlp -lshlwapi -lbcrypt  "
checked program was:
/* begin */
 1: #include "ruby.h"
 2: 
 3: #include <winsock2.h>
 4: #include <windows.h>
 5: #include <ruby.h>
 6: 
 7: /*top*/
 8: extern int t(void);
 9: int main(int argc, char **argv)
10: {
11:   if (argc > 1000000) {
12:     int (* volatile tp)(void)=(int (*)(void))&t;
13:     printf("%d", (*tp)());
14:   }
15: 
16:   return !!argv[argc];
17: }
18: extern void rb_enc_interned_str();
19: int t(void) { rb_enc_interned_str(); return 0; }
/* end */

--------------------

have_func: checking for rb_hash_new_capa() in ruby.h... -------------------- yes

PATH=".;C:/Ruby33-x64/lib;C:\Ruby33-x64\bin;C:\Ruby33-x64\msys64\ucrt64\bin;C:\Ruby33-x64\msys64\usr\bin;C:\Users\DELL\.conda\envs\pytorch2;C:\Users\DELL\.conda\envs\pytorch2\Library\mingw-w64\bin;C:\Users\DELL\.conda\envs\pytorch2\Library\usr\bin;C:\Users\DELL\.conda\envs\pytorch2\Library\bin;C:\Users\DELL\.conda\envs\pytorch2\Scripts;C:\Users\DELL\.conda\envs\pytorch2\bin;F:\Anaconda3\condabin;C:\Program Files\Common Files\Oracle\Java\javapath;C:\Program Files (x86)\Common Files\Oracle\Java\java8path;C:\Program Files (x86)\Common Files\Oracle\Java\javapath;F:\anaconda;C:\Windows;C:\Windows\System32\Wbem;C:\Windows\System32\WindowsPowerShell\v1.0;C:\Windows\System32\OpenSSH;C:\Program Files\dotnet;C:\Program Files\Bandizip;C:\Program Files (x86)\NVIDIA Corporation\PhysX\Common;F:\Anaconda3;F:\Anaconda3\Scripts;F:\Anaconda3\Library\bin;F:\Git\cmd;C:\Windows\System32;F:\XSHELL7;C:\Program Files (x86)\Windows Kits\10\Windows Performance Toolkit;C:\Program Files\nodejs;C:\Users\DELL\AppData\Local\npm-cache;C:\Users\DELL\AppData\Roaming\npm;F:\neo4j\neo4j-community-5.20.0-windows\neo4j-community-5.20.0\bin;C:\Program Files\Java\jdk-17\bin;C:\Program Files\MATLAB\R2024a\runtime\win64;C:\Program Files\MATLAB\R2024a\bin;C:\Program Files\Docker\Docker\resources\bin;D:\MinGW\bin;C:\Users\DELL\AppData\Local\Microsoft\WindowsApps;F:\Microsoft VS Code\bin;F:\Pycharm\PyCharm Community Edition 2023.3.3\bin;.;C:\modeltech_pe_10.4c\win32pe;C:\Users\DELL\AppData\Roaming\npm;D:\MySQL\MySQL Server 8.0\bin;F:\WebStorm\WebStorm 2024.2.1\bin;.;C:\Users\DELL\AppData\Local\GitHubDesktop\bin;f:\Trae\resources\app\bin\lib;C:\Program Files\Common Files\Oracle\Java\javapath;C:\Program Files (x86)\Common Files\Oracle\Java\java8path;C:\Program Files (x86)\Common Files\Oracle\Java\javapath;F:\anaconda;C:\Windows;C:\Windows\System32\Wbem;C:\Windows\System32\WindowsPowerShell\v1.0\;C:\Windows\System32\OpenSSH\;C:\Program Files\dotnet\;C:\Program Files\Bandizip\;C:\Program Files (x86)\NVIDIA Corporation\PhysX\Common;F:\Anaconda3;F:\Anaconda3\Scripts;F:\Anaconda3\Library\bin;F:\Git\cmd;C:\Windows\System32;F:\XSHELL7\;C:\Program Files (x86)\Windows Kits\10\Windows Performance Toolkit\;C:\Program Files\nodejs\;C:\Users\DELL\AppData\Local\npm-cache;C:\Users\DELL\AppData\Roaming\npm;F:\neo4j\neo4j-community-5.20.0-windows\neo4j-community-5.20.0\bin;C:\Program Files\Java\jdk-17\bin;C:\Program Files\MATLAB\R2024a\runtime\win64;C:\Program Files\MATLAB\R2024a\bin;C:\Program Files\Docker\Docker\resources\bin;D:\MinGW\bin;C:\Ruby33-x64\bin;C:\Users\DELL\AppData\Local\Microsoft\WindowsApps;F:\Microsoft VS Code\bin;F:\Pycharm\PyCharm Community Edition 2023.3.3\bin;;C:\modeltech_pe_10.4c\win32pe;C:\Users\DELL\AppData\Roaming\npm;D:\MySQL\MySQL Server 8.0\bin;F:\WebStorm\WebStorm 2024.2.1\bin;;C:\Users\DELL\AppData\Local\GitHubDesktop\bin" "gcc -o conftest.exe -IC:/Ruby33-x64/include/ruby-3.3.0/x64-mingw-ucrt -IC:/Ruby33-x64/include/ruby-3.3.0/ruby/backward -IC:/Ruby33-x64/include/ruby-3.3.0 -I.  -DFD_SETSIZE=2048 -D_WIN32_WINNT=0x0600 -D__MINGW_USE_VC2005_COMPAT -D_FILE_OFFSET_BITS=64  -O3 -fno-fast-math -fstack-protector-strong conftest.c  -L. -LC:/Ruby33-x64/lib -L. -pipe -s -fstack-protector-strong -Wl,--no-as-needed     -lx64-ucrt-ruby330  -lshell32 -lws2_32 -liphlpapi -limagehlp -lshlwapi -lbcrypt  "
checked program was:
/* begin */
 1: #include "ruby.h"
 2: 
 3: #include <winsock2.h>
 4: #include <windows.h>
 5: #include <ruby.h>
 6: 
 7: /*top*/
 8: extern int t(void);
 9: int main(int argc, char **argv)
10: {
11:   if (argc > 1000000) {
12:     int (* volatile tp)(void)=(int (*)(void))&t;
13:     printf("%d", (*tp)());
14:   }
15: 
16:   return !!argv[argc];
17: }
18: int t(void) { void ((*volatile p)()); p = (void ((*)()))rb_hash_new_capa; return !p; }
/* end */

--------------------

have_func: checking for rb_hash_bulk_insert() in ruby.h... -------------------- yes

PATH=".;C:/Ruby33-x64/lib;C:\Ruby33-x64\bin;C:\Ruby33-x64\msys64\ucrt64\bin;C:\Ruby33-x64\msys64\usr\bin;C:\Users\DELL\.conda\envs\pytorch2;C:\Users\DELL\.conda\envs\pytorch2\Library\mingw-w64\bin;C:\Users\DELL\.conda\envs\pytorch2\Library\usr\bin;C:\Users\DELL\.conda\envs\pytorch2\Library\bin;C:\Users\DELL\.conda\envs\pytorch2\Scripts;C:\Users\DELL\.conda\envs\pytorch2\bin;F:\Anaconda3\condabin;C:\Program Files\Common Files\Oracle\Java\javapath;C:\Program Files (x86)\Common Files\Oracle\Java\java8path;C:\Program Files (x86)\Common Files\Oracle\Java\javapath;F:\anaconda;C:\Windows;C:\Windows\System32\Wbem;C:\Windows\System32\WindowsPowerShell\v1.0;C:\Windows\System32\OpenSSH;C:\Program Files\dotnet;C:\Program Files\Bandizip;C:\Program Files (x86)\NVIDIA Corporation\PhysX\Common;F:\Anaconda3;F:\Anaconda3\Scripts;F:\Anaconda3\Library\bin;F:\Git\cmd;C:\Windows\System32;F:\XSHELL7;C:\Program Files (x86)\Windows Kits\10\Windows Performance Toolkit;C:\Program Files\nodejs;C:\Users\DELL\AppData\Local\npm-cache;C:\Users\DELL\AppData\Roaming\npm;F:\neo4j\neo4j-community-5.20.0-windows\neo4j-community-5.20.0\bin;C:\Program Files\Java\jdk-17\bin;C:\Program Files\MATLAB\R2024a\runtime\win64;C:\Program Files\MATLAB\R2024a\bin;C:\Program Files\Docker\Docker\resources\bin;D:\MinGW\bin;C:\Users\DELL\AppData\Local\Microsoft\WindowsApps;F:\Microsoft VS Code\bin;F:\Pycharm\PyCharm Community Edition 2023.3.3\bin;.;C:\modeltech_pe_10.4c\win32pe;C:\Users\DELL\AppData\Roaming\npm;D:\MySQL\MySQL Server 8.0\bin;F:\WebStorm\WebStorm 2024.2.1\bin;.;C:\Users\DELL\AppData\Local\GitHubDesktop\bin;f:\Trae\resources\app\bin\lib;C:\Program Files\Common Files\Oracle\Java\javapath;C:\Program Files (x86)\Common Files\Oracle\Java\java8path;C:\Program Files (x86)\Common Files\Oracle\Java\javapath;F:\anaconda;C:\Windows;C:\Windows\System32\Wbem;C:\Windows\System32\WindowsPowerShell\v1.0\;C:\Windows\System32\OpenSSH\;C:\Program Files\dotnet\;C:\Program Files\Bandizip\;C:\Program Files (x86)\NVIDIA Corporation\PhysX\Common;F:\Anaconda3;F:\Anaconda3\Scripts;F:\Anaconda3\Library\bin;F:\Git\cmd;C:\Windows\System32;F:\XSHELL7\;C:\Program Files (x86)\Windows Kits\10\Windows Performance Toolkit\;C:\Program Files\nodejs\;C:\Users\DELL\AppData\Local\npm-cache;C:\Users\DELL\AppData\Roaming\npm;F:\neo4j\neo4j-community-5.20.0-windows\neo4j-community-5.20.0\bin;C:\Program Files\Java\jdk-17\bin;C:\Program Files\MATLAB\R2024a\runtime\win64;C:\Program Files\MATLAB\R2024a\bin;C:\Program Files\Docker\Docker\resources\bin;D:\MinGW\bin;C:\Ruby33-x64\bin;C:\Users\DELL\AppData\Local\Microsoft\WindowsApps;F:\Microsoft VS Code\bin;F:\Pycharm\PyCharm Community Edition 2023.3.3\bin;;C:\modeltech_pe_10.4c\win32pe;C:\Users\DELL\AppData\Roaming\npm;D:\MySQL\MySQL Server 8.0\bin;F:\WebStorm\WebStorm 2024.2.1\bin;;C:\Users\DELL\AppData\Local\GitHubDesktop\bin" "gcc -o conftest.exe -IC:/Ruby33-x64/include/ruby-3.3.0/x64-mingw-ucrt -IC:/Ruby33-x64/include/ruby-3.3.0/ruby/backward -IC:/Ruby33-x64/include/ruby-3.3.0 -I.  -DFD_SETSIZE=2048 -D_WIN32_WINNT=0x0600 -D__MINGW_USE_VC2005_COMPAT -D_FILE_OFFSET_BITS=64  -O3 -fno-fast-math -fstack-protector-strong conftest.c  -L. -LC:/Ruby33-x64/lib -L. -pipe -s -fstack-protector-strong -Wl,--no-as-needed     -lx64-ucrt-ruby330  -lshell32 -lws2_32 -liphlpapi -limagehlp -lshlwapi -lbcrypt  "
checked program was:
/* begin */
 1: #include "ruby.h"
 2: 
 3: #include <winsock2.h>
 4: #include <windows.h>
 5: #include <ruby.h>
 6: 
 7: /*top*/
 8: extern int t(void);
 9: int main(int argc, char **argv)
10: {
11:   if (argc > 1000000) {
12:     int (* volatile tp)(void)=(int (*)(void))&t;
13:     printf("%d", (*tp)());
14:   }
15: 
16:   return !!argv[argc];
17: }
18: int t(void) { void ((*volatile p)()); p = (void ((*)()))rb_hash_bulk_insert; return !p; }
/* end */

--------------------

have_func: checking for strnlen() in string.h... -------------------- yes

PATH=".;C:/Ruby33-x64/lib;C:\Ruby33-x64\bin;C:\Ruby33-x64\msys64\ucrt64\bin;C:\Ruby33-x64\msys64\usr\bin;C:\Users\DELL\.conda\envs\pytorch2;C:\Users\DELL\.conda\envs\pytorch2\Library\mingw-w64\bin;C:\Users\DELL\.conda\envs\pytorch2\Library\usr\bin;C:\Users\DELL\.conda\envs\pytorch2\Library\bin;C:\Users\DELL\.conda\envs\pytorch2\Scripts;C:\Users\DELL\.conda\envs\pytorch2\bin;F:\Anaconda3\condabin;C:\Program Files\Common Files\Oracle\Java\javapath;C:\Program Files (x86)\Common Files\Oracle\Java\java8path;C:\Program Files (x86)\Common Files\Oracle\Java\javapath;F:\anaconda;C:\Windows;C:\Windows\System32\Wbem;C:\Windows\System32\WindowsPowerShell\v1.0;C:\Windows\System32\OpenSSH;C:\Program Files\dotnet;C:\Program Files\Bandizip;C:\Program Files (x86)\NVIDIA Corporation\PhysX\Common;F:\Anaconda3;F:\Anaconda3\Scripts;F:\Anaconda3\Library\bin;F:\Git\cmd;C:\Windows\System32;F:\XSHELL7;C:\Program Files (x86)\Windows Kits\10\Windows Performance Toolkit;C:\Program Files\nodejs;C:\Users\DELL\AppData\Local\npm-cache;C:\Users\DELL\AppData\Roaming\npm;F:\neo4j\neo4j-community-5.20.0-windows\neo4j-community-5.20.0\bin;C:\Program Files\Java\jdk-17\bin;C:\Program Files\MATLAB\R2024a\runtime\win64;C:\Program Files\MATLAB\R2024a\bin;C:\Program Files\Docker\Docker\resources\bin;D:\MinGW\bin;C:\Users\DELL\AppData\Local\Microsoft\WindowsApps;F:\Microsoft VS Code\bin;F:\Pycharm\PyCharm Community Edition 2023.3.3\bin;.;C:\modeltech_pe_10.4c\win32pe;C:\Users\DELL\AppData\Roaming\npm;D:\MySQL\MySQL Server 8.0\bin;F:\WebStorm\WebStorm 2024.2.1\bin;.;C:\Users\DELL\AppData\Local\GitHubDesktop\bin;f:\Trae\resources\app\bin\lib;C:\Program Files\Common Files\Oracle\Java\javapath;C:\Program Files (x86)\Common Files\Oracle\Java\java8path;C:\Program Files (x86)\Common Files\Oracle\Java\javapath;F:\anaconda;C:\Windows;C:\Windows\System32\Wbem;C:\Windows\System32\WindowsPowerShell\v1.0\;C:\Windows\System32\OpenSSH\;C:\Program Files\dotnet\;C:\Program Files\Bandizip\;C:\Program Files (x86)\NVIDIA Corporation\PhysX\Common;F:\Anaconda3;F:\Anaconda3\Scripts;F:\Anaconda3\Library\bin;F:\Git\cmd;C:\Windows\System32;F:\XSHELL7\;C:\Program Files (x86)\Windows Kits\10\Windows Performance Toolkit\;C:\Program Files\nodejs\;C:\Users\DELL\AppData\Local\npm-cache;C:\Users\DELL\AppData\Roaming\npm;F:\neo4j\neo4j-community-5.20.0-windows\neo4j-community-5.20.0\bin;C:\Program Files\Java\jdk-17\bin;C:\Program Files\MATLAB\R2024a\runtime\win64;C:\Program Files\MATLAB\R2024a\bin;C:\Program Files\Docker\Docker\resources\bin;D:\MinGW\bin;C:\Ruby33-x64\bin;C:\Users\DELL\AppData\Local\Microsoft\WindowsApps;F:\Microsoft VS Code\bin;F:\Pycharm\PyCharm Community Edition 2023.3.3\bin;;C:\modeltech_pe_10.4c\win32pe;C:\Users\DELL\AppData\Roaming\npm;D:\MySQL\MySQL Server 8.0\bin;F:\WebStorm\WebStorm 2024.2.1\bin;;C:\Users\DELL\AppData\Local\GitHubDesktop\bin" "gcc -o conftest.exe -IC:/Ruby33-x64/include/ruby-3.3.0/x64-mingw-ucrt -IC:/Ruby33-x64/include/ruby-3.3.0/ruby/backward -IC:/Ruby33-x64/include/ruby-3.3.0 -I.  -DFD_SETSIZE=2048 -D_WIN32_WINNT=0x0600 -D__MINGW_USE_VC2005_COMPAT -D_FILE_OFFSET_BITS=64  -O3 -fno-fast-math -fstack-protector-strong conftest.c  -L. -LC:/Ruby33-x64/lib -L. -pipe -s -fstack-protector-strong -Wl,--no-as-needed     -lx64-ucrt-ruby330  -lshell32 -lws2_32 -liphlpapi -limagehlp -lshlwapi -lbcrypt  "
checked program was:
/* begin */
 1: #include "ruby.h"
 2: 
 3: #include <winsock2.h>
 4: #include <windows.h>
 5: #include <string.h>
 6: 
 7: /*top*/
 8: extern int t(void);
 9: int main(int argc, char **argv)
10: {
11:   if (argc > 1000000) {
12:     int (* volatile tp)(void)=(int (*)(void))&t;
13:     printf("%d", (*tp)());
14:   }
15: 
16:   return !!argv[argc];
17: }
18: int t(void) { void ((*volatile p)()); p = (void ((*)()))strnlen; return !p; }
/* end */

--------------------

append_cflags: checking for whether -std=c99 is accepted as CFLAGS... -------------------- yes

PATH=".;C:/Ruby33-x64/lib;C:\Ruby33-x64\bin;C:\Ruby33-x64\msys64\ucrt64\bin;C:\Ruby33-x64\msys64\usr\bin;C:\Users\DELL\.conda\envs\pytorch2;C:\Users\DELL\.conda\envs\pytorch2\Library\mingw-w64\bin;C:\Users\DELL\.conda\envs\pytorch2\Library\usr\bin;C:\Users\DELL\.conda\envs\pytorch2\Library\bin;C:\Users\DELL\.conda\envs\pytorch2\Scripts;C:\Users\DELL\.conda\envs\pytorch2\bin;F:\Anaconda3\condabin;C:\Program Files\Common Files\Oracle\Java\javapath;C:\Program Files (x86)\Common Files\Oracle\Java\java8path;C:\Program Files (x86)\Common Files\Oracle\Java\javapath;F:\anaconda;C:\Windows;C:\Windows\System32\Wbem;C:\Windows\System32\WindowsPowerShell\v1.0;C:\Windows\System32\OpenSSH;C:\Program Files\dotnet;C:\Program Files\Bandizip;C:\Program Files (x86)\NVIDIA Corporation\PhysX\Common;F:\Anaconda3;F:\Anaconda3\Scripts;F:\Anaconda3\Library\bin;F:\Git\cmd;C:\Windows\System32;F:\XSHELL7;C:\Program Files (x86)\Windows Kits\10\Windows Performance Toolkit;C:\Program Files\nodejs;C:\Users\DELL\AppData\Local\npm-cache;C:\Users\DELL\AppData\Roaming\npm;F:\neo4j\neo4j-community-5.20.0-windows\neo4j-community-5.20.0\bin;C:\Program Files\Java\jdk-17\bin;C:\Program Files\MATLAB\R2024a\runtime\win64;C:\Program Files\MATLAB\R2024a\bin;C:\Program Files\Docker\Docker\resources\bin;D:\MinGW\bin;C:\Users\DELL\AppData\Local\Microsoft\WindowsApps;F:\Microsoft VS Code\bin;F:\Pycharm\PyCharm Community Edition 2023.3.3\bin;.;C:\modeltech_pe_10.4c\win32pe;C:\Users\DELL\AppData\Roaming\npm;D:\MySQL\MySQL Server 8.0\bin;F:\WebStorm\WebStorm 2024.2.1\bin;.;C:\Users\DELL\AppData\Local\GitHubDesktop\bin;f:\Trae\resources\app\bin\lib;C:\Program Files\Common Files\Oracle\Java\javapath;C:\Program Files (x86)\Common Files\Oracle\Java\java8path;C:\Program Files (x86)\Common Files\Oracle\Java\javapath;F:\anaconda;C:\Windows;C:\Windows\System32\Wbem;C:\Windows\System32\WindowsPowerShell\v1.0\;C:\Windows\System32\OpenSSH\;C:\Program Files\dotnet\;C:\Program Files\Bandizip\;C:\Program Files (x86)\NVIDIA Corporation\PhysX\Common;F:\Anaconda3;F:\Anaconda3\Scripts;F:\Anaconda3\Library\bin;F:\Git\cmd;C:\Windows\System32;F:\XSHELL7\;C:\Program Files (x86)\Windows Kits\10\Windows Performance Toolkit\;C:\Program Files\nodejs\;C:\Users\DELL\AppData\Local\npm-cache;C:\Users\DELL\AppData\Roaming\npm;F:\neo4j\neo4j-community-5.20.0-windows\neo4j-community-5.20.0\bin;C:\Program Files\Java\jdk-17\bin;C:\Program Files\MATLAB\R2024a\runtime\win64;C:\Program Files\MATLAB\R2024a\bin;C:\Program Files\Docker\Docker\resources\bin;D:\MinGW\bin;C:\Ruby33-x64\bin;C:\Users\DELL\AppData\Local\Microsoft\WindowsApps;F:\Microsoft VS Code\bin;F:\Pycharm\PyCharm Community Edition 2023.3.3\bin;;C:\modeltech_pe_10.4c\win32pe;C:\Users\DELL\AppData\Roaming\npm;D:\MySQL\MySQL Server 8.0\bin;F:\WebStorm\WebStorm 2024.2.1\bin;;C:\Users\DELL\AppData\Local\GitHubDesktop\bin" "gcc -IC:/Ruby33-x64/include/ruby-3.3.0/x64-mingw-ucrt -IC:/Ruby33-x64/include/ruby-3.3.0/ruby/backward -IC:/Ruby33-x64/include/ruby-3.3.0 -I.  -DFD_SETSIZE=2048 -D_WIN32_WINNT=0x0600 -D__MINGW_USE_VC2005_COMPAT -D_FILE_OFFSET_BITS=64  -O3 -fno-fast-math -fstack-protector-strong  -std=c99 -Werror -c conftest.c"
checked program was:
/* begin */
1: #include "ruby.h"
2: 
3: #include <winsock2.h>
4: #include <windows.h>
5: int main(int argc, char **argv)
6: {
7:   return !!argv[argc];
8: }
/* end */

--------------------

